Microchip MPLAB XC8 Compiler V2.36

Linker command line:

-W-3 --edf=C:\Program Files\Microchip\xc8\v2.36\pic\dat\en_msgs.txt -cn \
  -h+dist/default/production\projekt_menu.X.production.sym \
  --cmf=dist/default/production\projekt_menu.X.production.cmf -z -Q18F46K22 \
  -oC:\Users\jands\AppData\Local\Temp\xcAsemg.4 --defsym=__MPLAB_BUILD=1 \
  -Mdist/default/production/projekt_menu.X.production.map \
  --md=C:\Users\jands\AppData\Local\Temp\xcAsemg.dat -E1 -ver=XC8 Compiler \
  --acfsm=1493 -ACODE=00h-0FFFFh -ACONST=00h-0FFFFh \
  -ASMALLCONST=01000h-010FFhx240 -AMEDIUMCONST=01000h-0FFFFh \
  -ACOMRAM=01h-05Fh -AABS1=00h-0F37h -ABIGRAM=01h-0F37h \
  -ARAM=060h-0FFh,0100h-01FFhx14,0F00h-0F37h -ABANK0=060h-0FFh \
  -ABANK1=0100h-01FFh -ABANK2=0200h-02FFh -ABANK3=0300h-03FFh \
  -ABANK4=0400h-04FFh -ABANK5=0500h-05FFh -ABANK6=0600h-06FFh \
  -ABANK7=0700h-07FFh -ABANK8=0800h-08FFh -ABANK9=0900h-09FFh \
  -ABANK10=0A00h-0AFFh -ABANK11=0B00h-0BFFh -ABANK12=0C00h-0CFFh \
  -ABANK13=0D00h-0DFFh -ABANK14=0E00h-0EFFh -ABANK15=0F00h-0F37h \
  -ASFR=0F38h-0F5Fh,0F60h-0FFFh -ABIGSFR=0F38h-0FFFh \
  -ACONFIG=0300000h-030000Dh -AIDLOC=0200000h-0200007h \
  -AEEDATA=0F00000h-0F003FFh -peeprom_data=EEDATA \
  -preset_vec=00h,intcode=08h,intcodelo,powerup,init -pramtop=01000h \
  -psmallconst=SMALLCONST -pmediumconst=MEDIUMCONST -pconst=CONST \
  -AFARRAM=00h-00h \
  -prdata=COMRAM,nvrram=COMRAM,nvbit=COMRAM,rbss=COMRAM,rbit=COMRAM \
  -pfarbss=FARRAM,fardata=FARRAM,nvFARRAM=FARRAM \
  -pintsave_regs=BIGRAM,bigbss=BIGRAM,bigdata=BIGRAM -pbss=RAM \
  -pidata=CODE,irdata=CODE,ibigdata=CODE,ifardata=CODE -prparam=COMRAM \
  C:\Users\jands\AppData\Local\Temp\xcAsemg.o \
  dist/default/production\projekt_menu.X.production.o 

Object code version is 3.11

Machine type is 18F46K22



                Name                               Link     Load   Length Selector   Space Scale
C:\Users\jands\AppData\Local\Temp\xcAsemg.o
                idloc                            200000   200000        8        0       5
                config                           300000   300000        E        0       4
                init                                168      168        4        4       0
                reset_vec                             0        0        4        0       0
dist/default/production\projekt_menu.X.production.o
                intcode                               8        8      160        4       0
                idloc                            200000   200000        8        0       5
                config                           300000   300000        E        0       4
                temp                                 57       57        1        1       1
                mediumconst                        FE40     FE40      1C0     7F20       0
                text33                             1970     1970       70        4       0
                text31                             1DD8     1DD8       1C      EB3       0
                text30                             1E4C     1E4C        A      EB3       0
                text29                             1D8E     1D8E       26      EB3       0
                text28                             1D00     1D00       36        4       0
                text27                             1488     1488       DA        4       0
                text26                             186E     186E       92        4       0
                text25                             1C92     1C92       38        4       0
                text24                             1C1A     1C1A       3E        4       0
                text23                             1E3A     1E3A       12      EB3       0
                text22                             17BE     17BE       B0        4       0
                text21                             1DB4     1DB4       24      EB3       0
                text20                             1C58     1C58       3A        4       0
                text19                             1900     1900       70        4       0
                text18                             1E24     1E24       16      EB3       0
                text17                             1632     1632       CA        4       0
                text16                             1CCA     1CCA       36        4       0
                text15                             1138     1138      182        4       0
                text14                             13AA     13AA       DE        4       0
                text13                             12BA     12BA       F0        4       0
                text12                             1562     1562       D0        4       0
                text11                             1BD6     1BD6       44        4       0
                text10                             16FC     16FC       C2        4       0
                text9                               F38      F38      200        4       0
                text8                               C22      C22      316        4       0
                text7                              1B22     1B22       62        4       0
                text6                              1D66     1D66       28      EB3       0
                text5                              1AB8     1AB8       6A        4       0
                text4                              19E0     19E0       6E        4       0
                text3                              1E0C     1E0C       18      EB3       0
                text2                              1B84     1B84       52        4       0
                text1                              1DF4     1DF4       18      EB3       0
                text0                               16C      16C      AB6        4       0
                cstackCOMRAM                          1        1       4E        1       1
                cstackBANK0                          60       60       99       60       1
                cstackBANK1                         100      100       A7      100       1
                cstackBANK2                         267      267        E      200       1
                bssBANK2                            200      200       67      200       1
                dataBANK1                           1A7      1A7       2F      100       1
                bssBANK1                            1D6      1D6       2A      100       1
                dataCOMRAM                           55       55        2        1       1
                bssCOMRAM                            4F       4F        6        1       1
                cinit                              1A4E     1A4E       6A        4       0
                idataBANK1                         1D36     1D36       2F        4       0
                idataCOMRAM                        1E56     1E56        2      EB3       0

TOTAL           Name                               Link     Load   Length     Space
        CLASS   CODE           
                intcode                               8        8      160         0
                init                                168      168        4         0
                reset_vec                             0        0        4         0
                text33                             1970     1970       70         0
                text31                             1DD8     1DD8       1C         0
                text30                             1E4C     1E4C        A         0
                text29                             1D8E     1D8E       26         0
                text28                             1D00     1D00       36         0
                text27                             1488     1488       DA         0
                text26                             186E     186E       92         0
                text25                             1C92     1C92       38         0
                text24                             1C1A     1C1A       3E         0
                text23                             1E3A     1E3A       12         0
                text22                             17BE     17BE       B0         0
                text21                             1DB4     1DB4       24         0
                text20                             1C58     1C58       3A         0
                text19                             1900     1900       70         0
                text18                             1E24     1E24       16         0
                text17                             1632     1632       CA         0
                text16                             1CCA     1CCA       36         0
                text15                             1138     1138      182         0
                text14                             13AA     13AA       DE         0
                text13                             12BA     12BA       F0         0
                text12                             1562     1562       D0         0
                text11                             1BD6     1BD6       44         0
                text10                             16FC     16FC       C2         0
                text9                               F38      F38      200         0
                text8                               C22      C22      316         0
                text7                              1B22     1B22       62         0
                text6                              1D66     1D66       28         0
                text5                              1AB8     1AB8       6A         0
                text4                              19E0     19E0       6E         0
                text3                              1E0C     1E0C       18         0
                text2                              1B84     1B84       52         0
                text1                              1DF4     1DF4       18         0
                text0                               16C      16C      AB6         0
                cinit                              1A4E     1A4E       6A         0
                idataBANK1                         1D36     1D36       2F         0
                idataCOMRAM                        1E56     1E56        2         0

        CLASS   CONST          

        CLASS   SMALLCONST     

        CLASS   MEDIUMCONST    
                mediumconst                        FE40     FE40      1C0         0

        CLASS   COMRAM         
                temp                                 57       57        1         1
                cstackCOMRAM                          1        1       4E         1
                dataCOMRAM                           55       55        2         1
                bssCOMRAM                            4F       4F        6         1

        CLASS   ABS1           

        CLASS   BIGRAM         

        CLASS   RAM            

        CLASS   BANK0          
                cstackBANK0                          60       60       99         1

        CLASS   BANK1          
                cstackBANK1                         100      100       A7         1
                dataBANK1                           1A7      1A7       2F         1
                bssBANK1                            1D6      1D6       2A         1

        CLASS   BANK2          
                cstackBANK2                         267      267        E         1
                bssBANK2                            200      200       67         1

        CLASS   BANK3          

        CLASS   BANK4          

        CLASS   BANK5          

        CLASS   BANK6          

        CLASS   BANK7          

        CLASS   BANK8          

        CLASS   BANK9          

        CLASS   BANK10         

        CLASS   BANK11         

        CLASS   BANK12         

        CLASS   BANK13         

        CLASS   BANK14         

        CLASS   BANK15         

        CLASS   SFR            

        CLASS   BIGSFR         

        CLASS   CONFIG         
                config                           300000   300000        E         4

        CLASS   IDLOC          
                idloc                            200000   200000        8         5

        CLASS   EEDATA         

        CLASS   FARRAM         

        CLASS   HEAP           

        CLASS   STACK          



SEGMENTS        Name                           Load    Length   Top    Selector   Space  Class

                reset_vec                      000000  000004  000004         0       0  CODE    
                cstackCOMRAM                   000001  000057  000058         1       1  COMRAM  
                intcode                        000008  001D5D  001D65         4       0  CODE    
                cstackBANK0                    000060  000099  0000F9        60       1  BANK0   
                cstackBANK1                    000100  000100  000200       100       1  BANK1   
                bssBANK2                       000200  000075  000275       200       1  BANK2   
                text6                          001D66  0000F2  001E58       EB3       0  CODE    
                mediumconst                    00FE40  0001C0  010000      7F20       0  MEDIUMCO


UNUSED ADDRESS RANGES

        Name                Unused          Largest block    Delta
        BANK0            0000F9-0000FF                7
        BANK10           000A00-000AFF              100
        BANK11           000B00-000BFF              100
        BANK12           000C00-000CFF              100
        BANK13           000D00-000DFF              100
        BANK14           000E00-000EFF              100
        BANK15           000F00-000F37               38
        BANK2            000275-0002FF               8B
        BANK3            000300-0003FF              100
        BANK4            000400-0004FF              100
        BANK5            000500-0005FF              100
        BANK6            000600-0006FF              100
        BANK7            000700-0007FF              100
        BANK8            000800-0008FF              100
        BANK9            000900-0009FF              100
        BIGRAM           000058-00005F                8
                         0000F9-0000FF                7
                         000275-000F37              CC3
        BIGSFR           000F38-000FFF               C8
        CODE             000004-000007                4
                         001D65-001D65                1
                         001E58-00FE3F             DFE8
        COMRAM           000058-00005F                8
        CONST            000004-000007                4
                         001D65-001D65                1
                         001E58-00FE3F             DFE8
        EEDATA           F00000-F003FF              400
        MEDIUMCONST      001D65-001D65                1
                         001E58-00FE3F             DFE8
        RAM              0000F9-0000FF                7
                         000275-000F37              100
        SFR              000F38-000FFF               28
        SMALLCONST       001D65-001D65                1
                         001E58-00FE3F              100

                                  Symbol Table

?___awmod                cstackCOMRAM 00001B
?___lmul                 cstackCOMRAM 000009
?___lodiv                cstackCOMRAM 000009
?___lomod                cstackCOMRAM 000009
?_adc_read               cstackCOMRAM 000009
?_pad                    cstackCOMRAM 00001A
?_printf                 cstackBANK0  000078
?_rand                   cstackCOMRAM 000015
?_sprintf                cstackBANK0  000078
?_stoa                   cstackCOMRAM 000013
?_strlen                 cstackCOMRAM 000009
?_strncmp                cstackCOMRAM 000009
?_utoa                   cstackCOMRAM 000025
?_vfpfcnvrt              cstackCOMRAM 000045
?_vfprintf               cstackBANK0  000072
LCD_Send@data            cstackCOMRAM 000009
LCD_ShowString@i         cstackCOMRAM 00000D
LCD_ShowString@lineNum   cstackCOMRAM 00000C
LCD_ShowString@textData  cstackCOMRAM 00000A
SPIWrite@channel         cstackCOMRAM 00000A
SPIWrite@data            cstackCOMRAM 000009
SPIWrite@lsb             cstackCOMRAM 00000C
SPIWrite@msb             cstackCOMRAM 00000B
UART_TMR1_ISR@RX_i       bssCOMRAM    000052
UART_TMR1_ISR@i          bssCOMRAM    000051
UART_TMR1_ISR@tmr_over   cstackCOMRAM 000006
UART_TMR1_ISR@zprava     cstackCOMRAM 000008
_ADCON0bits              (abs)        000FC2
_ADCON2bits              (abs)        000FC0
_ADRESH                  (abs)        000FC4
_ADRESL                  (abs)        000FC3
_ANSELAbits              (abs)        000F38
_ANSELBbits              (abs)        000F39
_ANSELCbits              (abs)        000F3A
_ANSELDbits              (abs)        000F3B
_ANSELEbits              (abs)        000F3C
_CCP1CONbits             (abs)        000FBD
_CCPR1L                  (abs)        000FBE
_CCPTMRS0bits            (abs)        000F49
_GIE                     (abs)        007F97
_GODONE                  (abs)        007E11
_GPIO_init               text31       001DD8
_IT_init                 text30       001E4C
_LATAbits                (abs)        000F89
_LATB3                   (abs)        007C53
_LATBbits                (abs)        000F8A
_LATC1                   (abs)        007C59
_LATC4                   (abs)        007C5C
_LATCbits                (abs)        000F8B
_LATD2                   (abs)        007C62
_LATD3                   (abs)        007C63
_LATD4                   (abs)        007C64
_LATD5                   (abs)        007C65
_LATD6                   (abs)        007C66
_LATDbits                (abs)        000F8C
_LCD_Clear               text28       001D00
_LCD_Init                text27       001488
_LCD_Send                text29       001D8E
_LCD_ShowString          text26       00186E
_PEIE                    (abs)        007F96
_PORTAbits               (abs)        000F80
_PORTCbits               (abs)        000F82
_PR2                     (abs)        000FBB
_PWM_init                text25       001C92
_RC1IE                   (abs)        007CED
_RC1IF                   (abs)        007CF5
_RCREG1                  (abs)        000FAE
_RCSTA1bits              (abs)        000FAB
_SPBRG1                  (abs)        000FAF
_SPIWrite                text24       001C1A
_SSP1CON1bits            (abs)        000FC6
_SSP1IF                  (abs)        007CF3
_SSP1STATbits            (abs)        000FC7
_SSP2ADD                 (abs)        000F6E
_SSP2BUF                 (abs)        000F6F
_SSP2CON1bits            (abs)        000F6C
_SSP2CON2bits            (abs)        000F6B
_SSP2IF                  (abs)        007D27
_SSP2STATbits            (abs)        000F6D
_SSPBUF                  (abs)        000FC9
_T1CONbits               (abs)        000FCD
_T1_init                 text23       001E3A
_T2CONbits               (abs)        000FBA
_TMR1                    (abs)        000FCE
_TMR1IE                  (abs)        007CE8
_TMR1IF                  (abs)        007CF0
_TMR1ON                  (abs)        007E68
_TMR2IF                  (abs)        007CF1
_TMR2ON                  (abs)        007DD2
_TRISAbits               (abs)        000F92
_TRISBbits               (abs)        000F93
_TRISCbits               (abs)        000F94
_TRISDbits               (abs)        000F95
_TRISEbits               (abs)        000F96
_TX1IE                   (abs)        007CEC
_TX1IF                   (abs)        007CF4
_TXREG1                  (abs)        000FAD
_TXSTA1bits              (abs)        000FAC
_UART_TMR1_ISR           intcode      000008
__HRAM                   (abs)        000000
__Habs1                  abs1         000000
__Hbank0                 bank0        000000
__Hbank1                 bank1        000000
__Hbank10                bank10       000000
__Hbank11                bank11       000000
__Hbank12                bank12       000000
__Hbank13                bank13       000000
__Hbank14                bank14       000000
__Hbank15                bank15       000000
__Hbank2                 bank2        000000
__Hbank3                 bank3        000000
__Hbank4                 bank4        000000
__Hbank5                 bank5        000000
__Hbank6                 bank6        000000
__Hbank7                 bank7        000000
__Hbank8                 bank8        000000
__Hbank9                 bank9        000000
__Hbigbss                bigbss       000000
__Hbigdata               bigdata      000000
__Hbigram                bigram       000000
__Hbigsfr                bigsfr       000000
__Hbss                   bss          000000
__HbssBANK1              bssBANK1     000000
__HbssBANK2              bssBANK2     000000
__HbssCOMRAM             bssCOMRAM    000000
__Hcinit                 cinit        000000
__Hclrtext               clrtext      000000
__Hcomram                comram       000000
__Hconfig                config       30000E
__Hconst                 const        000000
__HcstackBANK0           cstackBANK0  000000
__HcstackBANK1           cstackBANK1  000000
__HcstackBANK2           cstackBANK2  000000
__HcstackCOMRAM          cstackCOMRAM 000000
__Hdata                  data         000000
__HdataBANK1             dataBANK1    000000
__HdataCOMRAM            dataCOMRAM   000000
__Heeprom_data           eeprom_data  000000
__Hfarbss                farbss       000000
__Hfardata               fardata      000000
__Hheap                  heap         000000
__Hibigdata              ibigdata     000000
__Hidata                 idata        000000
__HidataBANK1            idataBANK1   000000
__HidataCOMRAM           idataCOMRAM  000000
__Hidloc                 idloc        200008
__Hifardata              ifardata     000000
__Hinit                  init         00016C
__Hintcode               intcode      000168
__Hintcode_body          intcode_body 000000
__Hintcodelo             intcodelo    000168
__Hintentry              intentry     000000
__Hintret                intret       000000
__Hintsave_regs          intsave_regs 000000
__Hirdata                irdata       000000
__Hmediumconst           mediumconst  010000
__HnvFARRAM              nvFARRAM     000000
__Hnvbit                 nvbit        000000
__Hnvrram                nvrram       000000
__Hparam                 rparam       000000
__Hpowerup               powerup      000168
__Hram                   ram          000000
__Hramtop                ramtop       001000
__Hrbit                  rbit         000000
__Hrbss                  rbss         000000
__Hrdata                 rdata        000000
__Hreset_vec             reset_vec    000004
__Hrparam                rparam       000000
__Hsfr                   sfr          000000
__Hsmallconst            smallconst   000000
__Hspace_0               (abs)        010000
__Hspace_1               (abs)        000275
__Hspace_2               (abs)        000000
__Hspace_4               (abs)        60000E
__Hstack                 stack        000000
__Hstruct                struct       000000
__Htemp                  temp         000058
__Htext                  text         000000
__Htext0                 text0        000000
__Htext1                 text1        000000
__Htext10                text10       000000
__Htext11                text11       000000
__Htext12                text12       000000
__Htext13                text13       000000
__Htext14                text14       000000
__Htext15                text15       000000
__Htext16                text16       000000
__Htext17                text17       000000
__Htext18                text18       000000
__Htext19                text19       000000
__Htext2                 text2        000000
__Htext20                text20       000000
__Htext21                text21       000000
__Htext22                text22       000000
__Htext23                text23       000000
__Htext24                text24       000000
__Htext25                text25       000000
__Htext26                text26       000000
__Htext27                text27       000000
__Htext28                text28       000000
__Htext29                text29       000000
__Htext3                 text3        000000
__Htext30                text30       000000
__Htext31                text31       000000
__Htext33                text33       000000
__Htext4                 text4        000000
__Htext5                 text5        000000
__Htext6                 text6        000000
__Htext7                 text7        000000
__Htext8                 text8        000000
__Htext9                 text9        000000
__LRAM                   (abs)        000001
__Labs1                  abs1         000000
__Lbank0                 bank0        000000
__Lbank1                 bank1        000000
__Lbank10                bank10       000000
__Lbank11                bank11       000000
__Lbank12                bank12       000000
__Lbank13                bank13       000000
__Lbank14                bank14       000000
__Lbank15                bank15       000000
__Lbank2                 bank2        000000
__Lbank3                 bank3        000000
__Lbank4                 bank4        000000
__Lbank5                 bank5        000000
__Lbank6                 bank6        000000
__Lbank7                 bank7        000000
__Lbank8                 bank8        000000
__Lbank9                 bank9        000000
__Lbigbss                bigbss       000000
__Lbigdata               bigdata      000000
__Lbigram                bigram       000000
__Lbigsfr                bigsfr       000000
__Lbss                   bss          000000
__LbssBANK1              bssBANK1     000000
__LbssBANK2              bssBANK2     000000
__LbssCOMRAM             bssCOMRAM    000000
__Lcinit                 cinit        000000
__Lclrtext               clrtext      000000
__Lcomram                comram       000000
__Lconfig                config       000000
__Lconst                 const        000000
__LcstackBANK0           cstackBANK0  000000
__LcstackBANK1           cstackBANK1  000000
__LcstackBANK2           cstackBANK2  000000
__LcstackCOMRAM          cstackCOMRAM 000000
__Ldata                  data         000000
__LdataBANK1             dataBANK1    000000
__LdataCOMRAM            dataCOMRAM   000000
__Leeprom_data           eeprom_data  000000
__Lfarbss                farbss       000000
__Lfardata               fardata      000000
__Lheap                  heap         000000
__Libigdata              ibigdata     000000
__Lidata                 idata        000000
__LidataBANK1            idataBANK1   000000
__LidataCOMRAM           idataCOMRAM  000000
__Lidloc                 idloc        000000
__Lifardata              ifardata     000000
__Linit                  init         000168
__Lintcode               intcode      000008
__Lintcode_body          intcode_body 000000
__Lintcodelo             intcodelo    000168
__Lintentry              intentry     000000
__Lintret                intret       000000
__Lintsave_regs          intsave_regs 000000
__Lirdata                irdata       000000
__Lmediumconst           mediumconst  00FE40
__LnvFARRAM              nvFARRAM     000000
__Lnvbit                 nvbit        000000
__Lnvrram                nvrram       000000
__Lparam                 rparam       000000
__Lpowerup               powerup      000168
__Lram                   ram          000000
__Lramtop                ramtop       001000
__Lrbit                  rbit         000000
__Lrbss                  rbss         000000
__Lrdata                 rdata        000000
__Lreset_vec             reset_vec    000000
__Lrparam                rparam       000000
__Lsfr                   sfr          000000
__Lsmallconst            smallconst   000000
__Lspace_0               (abs)        000000
__Lspace_1               (abs)        000000
__Lspace_2               (abs)        000000
__Lspace_4               (abs)        000000
__Lstack                 stack        000000
__Lstruct                struct       000000
__Ltemp                  temp         000057
__Ltext                  text         000000
__Ltext0                 text0        000000
__Ltext1                 text1        000000
__Ltext10                text10       000000
__Ltext11                text11       000000
__Ltext12                text12       000000
__Ltext13                text13       000000
__Ltext14                text14       000000
__Ltext15                text15       000000
__Ltext16                text16       000000
__Ltext17                text17       000000
__Ltext18                text18       000000
__Ltext19                text19       000000
__Ltext2                 text2        000000
__Ltext20                text20       000000
__Ltext21                text21       000000
__Ltext22                text22       000000
__Ltext23                text23       000000
__Ltext24                text24       000000
__Ltext25                text25       000000
__Ltext26                text26       000000
__Ltext27                text27       000000
__Ltext28                text28       000000
__Ltext29                text29       000000
__Ltext3                 text3        000000
__Ltext30                text30       000000
__Ltext31                text31       000000
__Ltext33                text33       000000
__Ltext4                 text4        000000
__Ltext5                 text5        000000
__Ltext6                 text6        000000
__Ltext7                 text7        000000
__Ltext8                 text8        000000
__Ltext9                 text9        000000
__S0                     (abs)        010000
__S1                     (abs)        000275
__S4                     (abs)        000000
__S5                     (abs)        000000
___awmod                 text22       0017BE
___awmod@counter         cstackCOMRAM 00001F
___awmod@dividend        cstackCOMRAM 00001B
___awmod@divisor         cstackCOMRAM 00001D
___awmod@sign            cstackCOMRAM 000020
___heap_hi               (abs)        000000
___heap_lo               (abs)        000000
___inthi_sp              stack        000000
___intlo_sp              stack        000000
___lmul                  text5        001AB8
___lmul@multiplicand     cstackCOMRAM 00000D
___lmul@multiplier       cstackCOMRAM 000009
___lmul@product          cstackCOMRAM 000011
___lodiv                 text13       0012BA
___lodiv@counter         cstackCOMRAM 000021
___lodiv@dividend        cstackCOMRAM 000009
___lodiv@divisor         cstackCOMRAM 000011
___lodiv@quotient        cstackCOMRAM 000019
___lomod                 text12       001562
___lomod@counter         cstackCOMRAM 000019
___lomod@dividend        cstackCOMRAM 000009
___lomod@divisor         cstackCOMRAM 000011
___param_bank            (abs)        000000
___rparam_used           (abs)        000001
___sp                    stack        000000
__accesstop              (abs)        000060
__activetblptr           (abs)        000002
__end_of_GPIO_init       text31       001DF4
__end_of_IT_init         text30       001E56
__end_of_LCD_Clear       text28       001D36
__end_of_LCD_Init        text27       001562
__end_of_LCD_Send        text29       001DB4
__end_of_LCD_ShowString  text26       001900
__end_of_PWM_init        text25       001CCA
__end_of_SPIWrite        text24       001C58
__end_of_T1_init         text23       001E4C
__end_of_UART_TMR1_ISR   intcode      000168
__end_of___awmod         text22       00186E
__end_of___lmul          text5        001B22
__end_of___lodiv         text13       0013AA
__end_of___lomod         text12       001632
__end_of__initialization cinit        001AAA
__end_of_adc_init        text21       001DD8
__end_of_adc_read        text20       001C92
__end_of_driveLED        text19       001970
__end_of_fputc           text17       0016FC
__end_of_fputs           text11       001C1A
__end_of_main            text0        000C22
__end_of_pad             text10       0017BE
__end_of_printf          text6        001D8E
__end_of_putch           text18       001E3A
__end_of_rand            text4        001A4E
__end_of_spi_init        text3        001E24
__end_of_sprintf         text2        001BD6
__end_of_stoa            text15       0012BA
__end_of_strlen          text16       001D00
__end_of_strncmp         text14       001488
__end_of_tabulka         mediumconst  00FEC1
__end_of_uart_init       text1        001E0C
__end_of_utoa            text9        001138
__end_of_vfpfcnvrt       text8        000F38
__end_of_vfprintf        text7        001B84
__end_ofi2_driveLED      text33       0019E0
__initialization         cinit        001A4E
__mediumconst            mediumconst  00FE40
__pbssBANK1              bssBANK1     0001D6
__pbssBANK2              bssBANK2     000200
__pbssCOMRAM             bssCOMRAM    00004F
__pcinit                 cinit        001A4E
__pcstackBANK0           cstackBANK0  000060
__pcstackBANK1           cstackBANK1  000100
__pcstackBANK2           cstackBANK2  000267
__pcstackCOMRAM          cstackCOMRAM 000001
__pdataBANK1             dataBANK1    0001A7
__pdataCOMRAM            dataCOMRAM   000055
__pidataBANK1            idataBANK1   001D36
__pidataCOMRAM           idataCOMRAM  001E56
__pintcode               intcode      000008
__pmediumconst           mediumconst  00FE40
__ptext0                 text0        00016C
__ptext1                 text1        001DF4
__ptext10                text10       0016FC
__ptext11                text11       001BD6
__ptext12                text12       001562
__ptext13                text13       0012BA
__ptext14                text14       0013AA
__ptext15                text15       001138
__ptext16                text16       001CCA
__ptext17                text17       001632
__ptext18                text18       001E24
__ptext19                text19       001900
__ptext2                 text2        001B84
__ptext20                text20       001C58
__ptext21                text21       001DB4
__ptext22                text22       0017BE
__ptext23                text23       001E3A
__ptext24                text24       001C1A
__ptext25                text25       001C92
__ptext26                text26       00186E
__ptext27                text27       001488
__ptext28                text28       001D00
__ptext29                text29       001D8E
__ptext3                 text3        001E0C
__ptext30                text30       001E4C
__ptext31                text31       001DD8
__ptext33                text33       001970
__ptext4                 text4        0019E0
__ptext5                 text5        001AB8
__ptext6                 text6        001D66
__ptext7                 text7        001B22
__ptext8                 text8        000C22
__ptext9                 text9        000F38
__ramtop                 ramtop       001000
__smallconst             smallconst   000000
_adc_init                text21       001DB4
_adc_read                text20       001C58
_dbuf                    bssBANK1     0001DC
_delay                   dataCOMRAM   000055
_driveLED                text19       001900
_flags                   bssCOMRAM    00004F
_fputc                   text17       001632
_fputs                   text11       001BD6
_game_state              bssCOMRAM    000054
_led_stateHRA            bssCOMRAM    000053
_main                    text0        00016C
_message1                bssBANK2     000200
_nout                    bssBANK1     0001D6
_pad                     text10       0016FC
_prec                    bssBANK1     0001DA
_printf                  text6        001D66
_putch                   text18       001E24
_rand                    text4        0019E0
_seed                    bssBANK1     0001FC
_spi_init                text3        001E0C
_sprintf                 text2        001B84
_stoa                    text15       001138
_strlen                  text16       001CCA
_strncmp                 text14       0013AA
_tabulka                 mediumconst  00FE41
_uart_init               text1        001DF4
_utoa                    text9        000F38
_vfpfcnvrt               text8        000C22
_vfpfcnvrt$2669          cstackBANK0  000068
_vfprintf                text7        001B22
_w                       dataBANK1    0001D4
_width                   bssBANK1     0001D8
adc_read@channel         cstackCOMRAM 00000D
adc_read@value           cstackCOMRAM 00000E
btemp                    temp         000057
driveLED@in              cstackCOMRAM 000009
end_of_initialization    cinit        001AAA
fputc@c                  cstackCOMRAM 00000A
fputc@fp                 cstackCOMRAM 00000C
fputs@c                  cstackCOMRAM 000017
fputs@fp                 cstackCOMRAM 000015
fputs@i                  cstackCOMRAM 000018
fputs@s                  cstackCOMRAM 000013
i2_driveLED              text33       001970
i2driveLED@in            cstackCOMRAM 000001
int$flags                temp         000057
intlevel0                text         000000
intlevel1                text         000000
intlevel2                text         000000
intlevel3                text         000000
isa$std                  (abs)        000001
isa$xinst                (abs)        000000
main@F6537               dataBANK1    0001A7
main@F6541               dataBANK1    0001D1
main@cursor              cstackBANK0  0000F6
main@j                   cstackBANK2  000274
main@k                   cstackBANK2  000267
main@led_state           cstackBANK1  0001A5
main@level               cstackBANK1  0001A3
main@menu_names          cstackBANK0  00008F
main@menu_position       cstackBANK1  0001A6
main@position            cstackBANK2  000273
main@pot1                cstackBANK2  00026F
main@pot2                cstackBANK2  000271
main@potHRA              cstackBANK2  00026B
main@potenciometer1      cstackBANK1  00019D
main@potenciometer2      cstackBANK1  00019F
main@rand_num            cstackBANK2  00026D
main@sin_final           cstackBANK1  0001A1
main@text1               cstackBANK1  000133
main@text1M              cstackBANK0  0000B2
main@text2               cstackBANK1  000144
main@text2M              cstackBANK0  0000C3
main@textADC             cstackBANK1  000111
main@textDAC             cstackBANK1  000122
main@textGPIO            cstackBANK0  0000D4
main@textLEVEL           cstackBANK1  000166
main@textPWM             cstackBANK1  000100
main@textSTART           cstackBANK1  000155
main@textSTOP1           cstackBANK1  000177
main@textSTOP2           cstackBANK1  000188
main@textUART            cstackBANK0  0000E5
main@value_out           cstackBANK1  000199
pad@buf                  cstackCOMRAM 00001C
pad@fp                   cstackCOMRAM 00001A
pad@i                    cstackCOMRAM 000021
pad@p                    cstackCOMRAM 00001E
pad@w                    cstackCOMRAM 000023
printf@ap                cstackCOMRAM 00004D
printf@fmt               cstackBANK0  000078
putch@data               cstackCOMRAM 000009
sprintf@ap               cstackBANK0  000080
sprintf@f                cstackBANK0  000082
sprintf@fmt              cstackBANK0  00007A
sprintf@s                cstackBANK0  000078
stackhi                  (abs)        000000
stacklo                  (abs)        000000
start                    init         000168
start_initialization     cinit        001A4E
stoa@F1142               dataBANK1    0001CA
stoa@cp                  cstackCOMRAM 000023
stoa@fp                  cstackCOMRAM 000013
stoa@i                   cstackCOMRAM 00001F
stoa@l                   cstackCOMRAM 000027
stoa@nuls                cstackCOMRAM 000018
stoa@p                   cstackCOMRAM 000025
stoa@s                   cstackCOMRAM 000015
stoa@w                   cstackCOMRAM 000021
strlen@a                 cstackCOMRAM 00000B
strlen@s                 cstackCOMRAM 000009
strncmp@_l               cstackCOMRAM 000009
strncmp@_r               cstackCOMRAM 00000B
strncmp@l                cstackCOMRAM 000010
strncmp@n                cstackCOMRAM 00000D
strncmp@r                cstackCOMRAM 000012
ttemp5                   temp         000058
ttemp6                   temp         00005B
ttemp7                   temp         00005F
utoa@d                   cstackCOMRAM 000027
utoa@fp                  cstackCOMRAM 000025
utoa@i                   cstackCOMRAM 000043
utoa@n                   cstackCOMRAM 00003B
utoa@p                   cstackCOMRAM 000037
utoa@w                   cstackCOMRAM 000039
vfpfcnvrt@ap             cstackCOMRAM 000049
vfpfcnvrt@cp             cstackBANK0  000066
vfpfcnvrt@fmt            cstackCOMRAM 000047
vfpfcnvrt@fp             cstackCOMRAM 000045
vfpfcnvrt@llu            cstackBANK0  00006A
vfprintf@ap              cstackBANK0  000076
vfprintf@cfmt            cstackCOMRAM 00004B
vfprintf@fmt             cstackBANK0  000074
vfprintf@fp              cstackBANK0  000072
wtemp8                   temp         000058


MODULE INFORMATION

Module		Function		Class		Link	Load	Size
C:\Program Files\Microchip\xc8\v2.36\pic\sources\c99\common\lomod.c
		___lomod       		CODE           	1562	0000	208

C:\Program Files\Microchip\xc8\v2.36\pic\sources\c99\common\lomod.c estimated size: 208

C:\Program Files\Microchip\xc8\v2.36\pic\sources\c99\common\nf_fputs.c
		_fputs         		CODE           	1BD6	0000	68

C:\Program Files\Microchip\xc8\v2.36\pic\sources\c99\common\nf_fputs.c estimated size: 68

C:\Program Files\Microchip\xc8\v2.36\pic\sources\c99\common\printf.c
		_printf        		CODE           	1D66	0000	40

C:\Program Files\Microchip\xc8\v2.36\pic\sources\c99\common\printf.c estimated size: 40

C:\Program Files\Microchip\xc8\v2.36\pic\sources\c99\common\strncmp.c
		_strncmp       		CODE           	13AA	0000	222

C:\Program Files\Microchip\xc8\v2.36\pic\sources\c99\common\strncmp.c estimated size: 222

C:\Program Files\Microchip\xc8\v2.36\pic\sources\c99\common\rand.c
		_rand          		CODE           	19E0	0000	110

C:\Program Files\Microchip\xc8\v2.36\pic\sources\c99\common\rand.c estimated size: 110

C:\Program Files\Microchip\xc8\v2.36\pic\sources\c99\common\Umul32.c
		___lmul        		CODE           	1AB8	0000	106

C:\Program Files\Microchip\xc8\v2.36\pic\sources\c99\common\Umul32.c estimated size: 106

C:\Program Files\Microchip\xc8\v2.36\pic\sources\c99\common\awmod.c
		___awmod       		CODE           	17BE	0000	176

C:\Program Files\Microchip\xc8\v2.36\pic\sources\c99\common\awmod.c estimated size: 176

C:\Program Files\Microchip\xc8\v2.36\pic\sources\c99\common\nf_sprintf.c
		_sprintf       		CODE           	1B84	0000	82

C:\Program Files\Microchip\xc8\v2.36\pic\sources\c99\common\nf_sprintf.c estimated size: 82

C:\Program Files\Microchip\xc8\v2.36\pic\sources\c99\common\strlen.c
		_strlen        		CODE           	1CCA	0000	54

C:\Program Files\Microchip\xc8\v2.36\pic\sources\c99\common\strlen.c estimated size: 54

C:\Program Files\Microchip\xc8\v2.36\pic\sources\c99\common\lodiv.c
		___lodiv       		CODE           	12BA	0000	240

C:\Program Files\Microchip\xc8\v2.36\pic\sources\c99\common\lodiv.c estimated size: 240

C:\Program Files\Microchip\xc8\v2.36\pic\sources\c99\common\nf_fputc.c
		_fputc         		CODE           	1632	0000	202

C:\Program Files\Microchip\xc8\v2.36\pic\sources\c99\common\nf_fputc.c estimated size: 202

C:\Program Files\Microchip\xc8\v2.36\pic\sources\c99\common\doprnt.c
		_vfpfcnvrt     		CODE           	0C22	0000	790
		_pad           		CODE           	16FC	0000	194
		_vfprintf      		CODE           	1B22	0000	98
		_stoa          		CODE           	1138	0000	386
		_utoa          		CODE           	0F38	0000	512

C:\Program Files\Microchip\xc8\v2.36\pic\sources\c99\common\doprnt.c estimated size: 1980

shared
		__initialization		CODE           	1A4E	0000	92
		_tabulka       		MEDIUMCONST    	FE41	0000	128
		i2_driveLED    		CODE           	1970	0000	112

shared estimated size: 332

menu.c
		_putch         		CODE           	1E24	0000	22
		_driveLED      		CODE           	1900	0000	112
		_main          		CODE           	016C	0000	2742
		_PWM_init      		CODE           	1C92	0000	56
		_uart_init     		CODE           	1DF4	0000	24
		_UART_TMR1_ISR 		CODE           	0008	0000	352
		_spi_init      		CODE           	1E0C	0000	24
		_IT_init       		CODE           	1E4C	0000	10
		_GPIO_init     		CODE           	1DD8	0000	28
		_adc_read      		CODE           	1C58	0000	58
		_adc_init      		CODE           	1DB4	0000	36
		_SPIWrite      		CODE           	1C1A	0000	62
		_T1_init       		CODE           	1E3A	0000	18

menu.c estimated size: 3544

lcd.c
		_LCD_Init      		CODE           	1488	0000	218
		_LCD_Send      		CODE           	1D8E	0000	38
		_LCD_ShowString		CODE           	186E	0000	146
		_LCD_Clear     		CODE           	1D00	0000	54

lcd.c estimated size: 456

